
> game-code-editor@0.0.0 build
> vite build

